( {Keanu, 35} {Neo} {Matrix, 1999},
  {Leo, 20} {Jordan} {Wolf, 1994}
)