< {Keanu, 35} {Neo} {Matrix},
  {Leo, 20} {Jordan} {Wolf}
>