actor{ name = Keanu, age = 35}
actedIn{ role = Neo }
