( {Keanu, 35} {Neo} {Matrix, 1999},
  {Leo, 20} {Jordan} {Wolf, 1994}
)

( {Keanu, 35} {Neo} {Matrix, 1999},
  {Leo, 20} {Jordan} {Wolf, 1994},
  {Keanu, 35} {Nelson} {Sweet November, 2000}
)

( {Keanu, 35} {Neo} {Matrix, 1999},
  {Leo, 20} {Jordan} {Wolf, 1994}
)
