[actor{ name = Keanu, age = 35, visited = true }, {Matrix, 1999, true}, {Leo, 20, true}, {Wolf, 1994, true}]
