actor{ name = Keanu, age = 35 }
actor{ name = Keanu, age = 35, visited = true }
actor{ name = Keanu, age = 35 }
